================================================================================
P-TREE ANALYSIS CONFIGURATION
================================================================================

SINGLE-TREE PARAMETERS (TUNED FOR SWEDISH MARKET):
  min_leaf_size     = 10 (doubled from 5)
  max_depth         = 5 (reduced from 8)
  num_iter          = 1 (NO boosting - single tree only)
  num_cutpoints     = 3 (reduced from 4)
  lambda_cov        = 0.001 (2x regularization)
  lambda_cov_factor = 1e-04 (2x regularization)
  equal_weight      = FALSE (value-weighted portfolios)
  no_H              = TRUE (no benchmark factor - single tree approach)
  Rationale: Smaller Swedish market (~300 stocks vs ~2,500 US)
             requires single well-regularized tree instead of boosting

Loading P-Tree ready data...
  Total observations: 101445 
  Date range: 1997-02-28 to 2022-12-30 
  Unique stocks: 1168 
  Characteristics: 33 
  Instruments (Z): 5 


================================================================================
PART 1: THREE-SCENARIO VALIDATION
================================================================================

Scenario A: Full Sample 
--------------------------------------------------------------------------------
  Training P-Tree for Full Sample ...
The split value candidates are -0.5, 0, 0.5
fitted tree 
3
1 11 0 1 0
2 0 0 0 0
3 0 0 0 0

    [OK] Nodes: 3 | IS Sharpe: 1.134 | Time: 0.7 s
  [SAVED] ../../../results/ptree_34chars/scenario_full_sample 

Scenario B: Time Split 
--------------------------------------------------------------------------------
  Train: 47684 obs |  Test: 53761 obs
  Training P-Tree for Scenario B: Time Split (IS) ...
The split value candidates are -0.5, 0, 0.5
fitted tree 
3
1 11 0.5 2 0
2 0 0 0 0
3 0 0 0 0

    [OK] Nodes: 3 | IS Sharpe: 1.649 | Time: 0.3 s
  Predicting OOS for Scenario B: Time Split (OOS) ...
    [OK] OOS Sharpe: 0.618 
  [SAVED] ../../../results/ptree_34chars/scenario_time_split 

Scenario C: Reverse Split 
--------------------------------------------------------------------------------
  Train: 53761 obs |  Test: 47684 obs
  Training P-Tree for Scenario C: Reverse Split (IS) ...
The split value candidates are -0.5, 0, 0.5
fitted tree 
3
1 3 0 1 0
2 0 0 0 0
3 0 0 0 0

    [OK] Nodes: 3 | IS Sharpe: 0.988 | Time: 0.3 s
  Predicting OOS for Scenario C: Reverse Split (OOS) ...
    [OK] OOS Sharpe: 0.579 
  [SAVED] ../../../results/ptree_34chars/scenario_reverse_split 


================================================================================
PART 2: ROLLING WINDOW VALIDATION (ANTI-OVERFITTING)
================================================================================

CONFIGURATION:
  Total months:      311 
  Training window:   60 months (5 years)
  Test window:       12 months (1 year)
  Roll step:         12 months (1 year)
  Number of windows: 20 

Window 1/20: Train 1997-02-28 to 2002-01-31 | Test 2002-02-28 to 2003-01-31
  Training P-Tree for Window 1 ...
The split value candidates are -0.5, 0, 0.5
fitted tree 
3
1 11 0.5 2 0
2 0 0 0 0
3 0 0 0 0

    [OK] Nodes: 3 | IS Sharpe: 2.464 | Time: 0.1 s
  Predicting OOS for Window 1 ...
    [OK] OOS Sharpe: 1.483 

Window 2/20: Train 1998-02-27 to 2003-01-31 | Test 2003-02-28 to 2004-01-30
  Training P-Tree for Window 2 ...
The split value candidates are -0.5, 0, 0.5
fitted tree 
3
1 14 0.5 2 0
2 0 0 0 0
3 0 0 0 0

    [OK] Nodes: 3 | IS Sharpe: 3.054 | Time: 0.1 s
  Predicting OOS for Window 2 ...
    [OK] OOS Sharpe: 0.015 

Window 3/20: Train 1999-02-26 to 2004-01-30 | Test 2004-02-27 to 2005-01-31
  Training P-Tree for Window 3 ...
The split value candidates are -0.5, 0, 0.5
fitted tree 
3
1 26 0.5 2 0
2 0 0 0 0
3 0 0 0 0

    [OK] Nodes: 3 | IS Sharpe: 3.657 | Time: 0.1 s
  Predicting OOS for Window 3 ...
    [OK] OOS Sharpe: 6.29 

Window 4/20: Train 2000-02-29 to 2005-01-31 | Test 2005-02-28 to 2006-01-31
  Training P-Tree for Window 4 ...
The split value candidates are -0.5, 0, 0.5
fitted tree 
3
1 26 0.5 2 0
2 0 0 0 0
3 0 0 0 0

    [OK] Nodes: 3 | IS Sharpe: 4.197 | Time: 0.1 s
  Predicting OOS for Window 4 ...
    [OK] OOS Sharpe: 1.79 

Window 5/20: Train 2001-02-28 to 2006-01-31 | Test 2006-02-28 to 2007-01-31
  Training P-Tree for Window 5 ...
The split value candidates are -0.5, 0, 0.5
fitted tree 
3
1 26 0 1 0
2 0 0 0 0
3 0 0 0 0

    [OK] Nodes: 3 | IS Sharpe: 3.424 | Time: 0.1 s
  Predicting OOS for Window 5 ...
    [OK] OOS Sharpe: 2.275 

Window 6/20: Train 2002-02-28 to 2007-01-31 | Test 2007-02-28 to 2008-01-31
  Training P-Tree for Window 6 ...
The split value candidates are -0.5, 0, 0.5
fitted tree 
3
1 26 0 1 0
2 0 0 0 0
3 0 0 0 0

    [OK] Nodes: 3 | IS Sharpe: 2.831 | Time: 0.1 s
  Predicting OOS for Window 6 ...
    [OK] OOS Sharpe: -1.032 

Window 7/20: Train 2003-02-28 to 2008-01-31 | Test 2008-02-29 to 2009-01-30
  Training P-Tree for Window 7 ...
The split value candidates are -0.5, 0, 0.5
fitted tree 
3
1 30 0.5 2 0
2 0 0 0 0
3 0 0 0 0

    [OK] Nodes: 3 | IS Sharpe: 2.26 | Time: 0.1 s
  Predicting OOS for Window 7 ...
    [OK] OOS Sharpe: -1.416 

Window 8/20: Train 2004-02-27 to 2009-01-30 | Test 2009-02-27 to 2010-01-29
  Training P-Tree for Window 8 ...
The split value candidates are -0.5, 0, 0.5
fitted tree 
3
1 21 0.5 2 0
2 0 0 0 0
3 0 0 0 0

    [OK] Nodes: 3 | IS Sharpe: 1.774 | Time: 0.1 s
  Predicting OOS for Window 8 ...
    [OK] OOS Sharpe: 1.401 

Window 9/20: Train 2005-02-28 to 2010-01-29 | Test 2010-02-26 to 2011-01-31
  Training P-Tree for Window 9 ...
The split value candidates are -0.5, 0, 0.5
fitted tree 
3
1 23 -0.5 0 0
2 0 0 0 0
3 0 0 0 0

    [OK] Nodes: 3 | IS Sharpe: 1.063 | Time: 0.1 s
  Predicting OOS for Window 9 ...
    [OK] OOS Sharpe: 2.762 

Window 10/20: Train 2006-02-28 to 2011-01-31 | Test 2011-02-28 to 2012-01-31
  Training P-Tree for Window 10 ...
The split value candidates are -0.5, 0, 0.5
fitted tree 
3
1 23 -0.5 0 0
2 0 0 0 0
3 0 0 0 0

    [OK] Nodes: 3 | IS Sharpe: 1.292 | Time: 0.1 s
  Predicting OOS for Window 10 ...
    [OK] OOS Sharpe: 0.839 

Window 11/20: Train 2007-02-28 to 2012-01-31 | Test 2012-02-29 to 2013-01-31
  Training P-Tree for Window 11 ...
The split value candidates are -0.5, 0, 0.5
fitted tree 
3
1 23 -0.5 0 0
2 0 0 0 0
3 0 0 0 0

    [OK] Nodes: 3 | IS Sharpe: 1.165 | Time: 0.1 s
  Predicting OOS for Window 11 ...
    [OK] OOS Sharpe: -0.294 

Window 12/20: Train 2008-02-29 to 2013-01-31 | Test 2013-02-28 to 2014-01-31
  Training P-Tree for Window 12 ...
The split value candidates are -0.5, 0, 0.5
fitted tree 
3
1 23 -0.5 0 0
2 0 0 0 0
3 0 0 0 0

    [OK] Nodes: 3 | IS Sharpe: 0.925 | Time: 0.1 s
  Predicting OOS for Window 12 ...
    [OK] OOS Sharpe: -0.269 

Window 13/20: Train 2009-02-27 to 2014-01-31 | Test 2014-02-28 to 2015-01-30
  Training P-Tree for Window 13 ...
The split value candidates are -0.5, 0, 0.5
fitted tree 
3
1 1 0 1 0
2 0 0 0 0
3 0 0 0 0

    [OK] Nodes: 3 | IS Sharpe: 1.356 | Time: 0.1 s
  Predicting OOS for Window 13 ...
    [OK] OOS Sharpe: 2.215 

Window 14/20: Train 2010-02-26 to 2015-01-30 | Test 2015-02-27 to 2016-01-29
  Training P-Tree for Window 14 ...
The split value candidates are -0.5, 0, 0.5
fitted tree 
3
1 9 -0.5 0 0
2 0 0 0 0
3 0 0 0 0

    [OK] Nodes: 3 | IS Sharpe: 1.537 | Time: 0.1 s
  Predicting OOS for Window 14 ...
    [OK] OOS Sharpe: -0.259 

Window 15/20: Train 2011-02-28 to 2016-01-29 | Test 2016-02-29 to 2017-01-31
  Training P-Tree for Window 15 ...
The split value candidates are -0.5, 0, 0.5
fitted tree 
3
1 9 -0.5 0 0
2 0 0 0 0
3 0 0 0 0

    [OK] Nodes: 3 | IS Sharpe: 1.257 | Time: 0.1 s
  Predicting OOS for Window 15 ...
    [OK] OOS Sharpe: 0.316 

Window 16/20: Train 2012-02-29 to 2017-01-31 | Test 2017-02-28 to 2018-01-31
  Training P-Tree for Window 16 ...
The split value candidates are -0.5, 0, 0.5
fitted tree 
3
1 11 -0.5 0 0
2 0 0 0 0
3 0 0 0 0

    [OK] Nodes: 3 | IS Sharpe: 1.86 | Time: 0.1 s
  Predicting OOS for Window 16 ...
    [OK] OOS Sharpe: 1.355 

Window 17/20: Train 2013-02-28 to 2018-01-31 | Test 2018-02-28 to 2019-01-31
  Training P-Tree for Window 17 ...
The split value candidates are -0.5, 0, 0.5
fitted tree 
3
1 29 0.5 2 0
2 0 0 0 0
3 0 0 0 0

    [OK] Nodes: 3 | IS Sharpe: 2.135 | Time: 0.1 s
  Predicting OOS for Window 17 ...
    [OK] OOS Sharpe: -0.307 

Window 18/20: Train 2014-02-28 to 2019-01-31 | Test 2019-02-28 to 2020-01-31
  Training P-Tree for Window 18 ...
The split value candidates are -0.5, 0, 0.5
fitted tree 
3
1 2 0.5 2 0
2 0 0 0 0
3 0 0 0 0

    [OK] Nodes: 3 | IS Sharpe: 1.601 | Time: 0.1 s
  Predicting OOS for Window 18 ...
    [OK] OOS Sharpe: 7.942 

Window 19/20: Train 2015-02-27 to 2020-01-31 | Test 2020-02-28 to 2021-01-29
  Training P-Tree for Window 19 ...
The split value candidates are -0.5, 0, 0.5
fitted tree 
3
1 2 0.5 2 0
2 0 0 0 0
3 0 0 0 0

    [OK] Nodes: 3 | IS Sharpe: 2.014 | Time: 0.1 s
  Predicting OOS for Window 19 ...
    [OK] OOS Sharpe: 0.788 

Window 20/20: Train 2016-02-29 to 2021-01-29 | Test 2021-02-26 to 2022-01-31
  Training P-Tree for Window 20 ...
The split value candidates are -0.5, 0, 0.5
fitted tree 
3
1 1 0 1 0
2 0 0 0 0
3 0 0 0 0

    [OK] Nodes: 3 | IS Sharpe: 1.647 | Time: 0.1 s
  Predicting OOS for Window 20 ...
    [OK] OOS Sharpe: 1.992 

================================================================================
ROLLING WINDOW SUMMARY
================================================================================

Windows tested:        20
Avg IS Sharpe:         2.075
Avg OOS Sharpe:        1.394
Median OOS Sharpe:     1.097
Std Dev OOS Sharpe:    2.288
Avg Degradation:       -26.1%
Positive OOS:          70% (14/20)

[SAVED] ../../../results/ptree_34chars/rolling_window

================================================================================
ANALYSIS COMPLETE
================================================================================

Results saved to: ../../../results/ptree_34chars 
  - scenario_full_sample/      (Full sample IS performance)
  - scenario_time_split/       (Forward split: Train early, Test late)
  - scenario_reverse_split/    (Reverse split: Train late, Test early)
  - rolling_window/            (Multiple OOS tests)

INTERPRETATION GUIDE:
  - IS Sharpe > 1:         Good in-sample fit
  - OOS Sharpe > 0:        Model has predictive power
  - OOS Sharpe > 0.5:      Strong predictive power
  - Positive OOS %:        Fraction of winning test periods
  - Low degradation:       Model is not overfitting

